
> eztutor-server@1.0.0 test
> node --test

[dotenv@17.2.3] injecting env (0) from .env -- tip: Γ£à audit secrets and track compliance: https://dotenvx.com/ops
[exportQueue] poller disabled (test runner or DISABLE_EXPORT_QUEUE)
[a2724366-8bf8-49bb-a150-5f66d8af1637] GET /api 200 17.5ms <100ms 24B <5KB
Γ£ö GET /api returns status payload (68.305ms)
[2902024a-eae0-4ae6-911f-0a37e901cf46] POST /api/generate-lesson 400 2.2ms <100ms 42B <5KB
Γ£ö POST /api/generate-lesson validates input (29.9793ms)
[49dd9700-9900-4e27-acbf-92a03134ef67] POST /api/generate-quiz 400 3.6ms <100ms 45B <5KB
Γ£ö POST /api/generate-quiz validates input (16.2662ms)
[b48b5ac8-5d8c-4f1b-afd7-0c9561cafac1] POST /api/generate-quiz 400 1.8ms <100ms 68B <5KB
Γ£ö POST /api/generate-quiz rejects invalid difficulty (14.0861ms)
[bd02ef97-13f2-40a3-81c5-a320e73e4d7d] POST /api/support 400 2.5ms <100ms 49B <5KB
[Support] {
  name: 'Alex',
  email: 'teacher@example.com',
  topic: 'Bug report',
  message: 'Help'
}
[e956f0e2-f587-473b-abda-5c583e851c1e] POST /api/support 200 2.4ms <100ms 11B <5KB
Γ£ö POST /api/support validates input (24.0605ms)
[7ab9175b-3bc0-405c-9a1a-1358e9a359e4] GET /health 200 0.8ms <100ms 72B <5KB
Γ£ö GET /health returns uptime and timestamp (14.5729ms)
∩╣ú Auth signup/login and recents flow (0.8108ms) # DATABASE_URL/DB_HOST not set for tests
Γ£ö export handles Google API 403 (quota exceeded) as retryable (2868.0652ms)
Γ£ö export handles malformed Google API response gracefully (0.3358ms)
Γ£ö export handles network timeout as retryable (0.3149ms)
Γ£ö export handles permanent Google API error (400) without retry (0.3019ms)
[dotenv@17.2.3] injecting env (0) from .env -- tip: ≡ƒ¢á∩╕Å  run anywhere with `dotenvx run -- yourcommand`
[exportQueue] poller disabled (test runner or DISABLE_EXPORT_QUEUE)
[metrics] export_attempt=1
[49255a8f-6745-44dd-89ea-c5ab004270e2] POST /api/export-to-drive 404 21.8ms <100ms 29B <5KB
Γ£ö POST /api/export-to-drive with missing content returns 404 (87.58ms)
[metrics] export_attempt=2
[metrics] export_success=1
[bfd7b1f1-7664-4232-9fdb-0edbf7116fc2] POST /api/export-to-drive 200 3.6ms <100ms 93B <5KB
Γ£ö POST /api/export-to-drive with quiz content works correctly (15.4457ms)
[metrics] export_attempt=3
[metrics] export_failure=1
[export-to-drive] export failed, enqueuing for retry Database connection failed
[exportQueue] enqueue to DB 92 lesson 10
[5a09c787-dc75-4bc5-8f78-3dc9132f5f7c] POST /api/export-to-drive 500 4.3ms <100ms 43B <5KB
Γ£ö POST /api/export-to-drive with DB error during insert queues for retry (16.2687ms)
[dotenv@17.2.3] injecting env (0) from .env -- tip: ΓÜÖ∩╕Å  write to custom object with { processEnv: myObject }
[exportQueue] poller disabled (test runner or DISABLE_EXPORT_QUEUE)
[metrics] export_attempt=1
[metrics] export_failure=1
[export-to-drive] export failed, enqueuing for retry service down
[exportQueue] enqueue to DB 99 lesson 1
[cfec5a45-2832-42c9-b7fb-7da70dbbe316] POST /api/export-to-drive 500 51.7ms <100ms 43B <5KB
Γ£ö POST /api/export-to-drive failure enqueues retry (175.8118ms)
[exportQueue] poller disabled (test runner or DISABLE_EXPORT_QUEUE)
[exportQueue] enqueue to DB 100 lesson 20
[exportQueue] enqueue to DB 101 quiz 26
Γ£ö exportQueue enqueues and dequeues items (3705.9289ms)
Γ£ö exportQueue retry processing with exponential backoff (1.1502ms)
Γ£ö exportQueue skips items with missing user tokens (0.5326ms)
[dotenv@17.2.3] injecting env (0) from .env -- tip: ≡ƒôí add observability to secrets: https://dotenvx.com/ops
[exportQueue] poller disabled (test runner or DISABLE_EXPORT_QUEUE)
[metrics] export_attempt=1
[metrics] export_success=1
[a2a3665e-9502-4a53-a19a-5b44ac10bf25] POST /api/export-to-drive 200 24.5ms <100ms 131B <5KB
Γ£ö POST /api/export-to-drive success path stores export and returns url (92.7174ms)
[dotenv@17.2.3] injecting env (0) from .env -- tip: ≡ƒôí add observability to secrets: https://dotenvx.com/ops
[exportQueue] poller disabled (test runner or DISABLE_EXPORT_QUEUE)
[metrics] export_attempt=1
[metrics] export_success=1
[82ad513f-bf70-4a12-8c42-41f47c424a18] POST /api/export-to-drive 200 19.9ms <100ms 97B <5KB
Γ£ö POST /api/export-to-drive with expired token refreshes and exports (76.0537ms)
Error: GOOGLE_NOT_CONFIGURED
    at GoogleDriveService.getAuthUrl (C:\Users\refat\Desktop\EZTutor\server\services\googleDriveService.js:69:30)
    at C:\Users\refat\Desktop\EZTutor\server\routes\api.js:128:36
    at process.processTicksAndRejections (node:internal/process/task_queues:105:5)
[460daf3e-4507-4c75-9359-ca85c983f613] POST /api/export-to-drive 500 4.0ms <100ms 33B <5KB
Γ£û POST /api/export-to-drive with invalid refresh token returns 401 re-auth (16.7072ms)
[dotenv@17.2.3] injecting env (0) from .env -- tip: ΓÜÖ∩╕Å  write to custom object with { processEnv: myObject }
[exportQueue] poller disabled (test runner or DISABLE_EXPORT_QUEUE)
[21550837-1d14-4312-9b81-2811d55b4942] POST /api/export-to-drive 401 19.0ms <100ms 203B <5KB
Γ£ö POST /api/export-to-drive returns 401 + redirectUrl when user has no Google tokens (75.4011ms)
Γ£ö googleDriveService should throw when Google env not configured (2787.017ms)
Γä╣ tests 23
Γä╣ suites 0
Γä╣ pass 21
Γä╣ fail 1
Γä╣ cancelled 0
Γä╣ skipped 1
Γä╣ todo 0
Γä╣ duration_ms 32678.3984

Γ£û failing tests:

test at tests\export-token-refresh.test.js:84:1
Γ£û POST /api/export-to-drive with invalid refresh token returns 401 re-auth (16.7072ms)
  AssertionError [ERR_ASSERTION]: Expected values to be strictly equal:
  
  500 !== 401
  
      at TestContext.<anonymous> (C:\Users\refat\Desktop\EZTutor\server\tests\export-token-refresh.test.js:121:12)
      at process.processTicksAndRejections (node:internal/process/task_queues:105:5)
      at async Test.run (node:internal/test_runner/test:1069:7)
      at async Test.processPendingSubtests (node:internal/test_runner/test:752:7) {
    generatedMessage: true,
    code: 'ERR_ASSERTION',
    actual: 500,
    expected: 401,
    operator: 'strictEqual'
  }
